V3 11
FL I:/Xilinx_Projects/CAD/CA3/test1/VendingMachine/CommunicationProtocol.vhd 2015/11/29.19:17:04 P.20131013
EN work/CommunicationProtocol 1448813457 \
      FL I:/Xilinx_Projects/CAD/CA3/test1/VendingMachine/CommunicationProtocol.vhd \
      PB ieee/std_logic_1164 1381692176 PB ieee/NUMERIC_STD 1381692181
AR work/CommunicationProtocol/Behavioral 1448813458 \
      FL I:/Xilinx_Projects/CAD/CA3/test1/VendingMachine/CommunicationProtocol.vhd \
      EN work/CommunicationProtocol 1448813457
FL I:/Xilinx_Projects/CAD/CA3/test1/VendingMachine/VM.vhd 2015/11/29.19:19:00 P.20131013
EN work/VM 1448813459 FL I:/Xilinx_Projects/CAD/CA3/test1/VendingMachine/VM.vhd \
      PB ieee/std_logic_1164 1381692176 PB ieee/NUMERIC_STD 1381692181
AR work/VM/Behavioral 1448813460 \
      FL I:/Xilinx_Projects/CAD/CA3/test1/VendingMachine/VM.vhd EN work/VM 1448813459 \
      AR work/CommunicationProtocol/Behavioral 1448813458 CP n1
FL I:/Xilinx_Projects/CAD/CA3/test1/VendingMachine/VMTB.vhd 2015/11/28.21:33:52 P.20131013
EN work/VMTB 0 FL I:/Xilinx_Projects/CAD/CA3/test1/VendingMachine/VMTB.vhd \
      PB ieee/std_logic_1164 1381692176
AR work/VMTB/Behavioral 0 \
      FL I:/Xilinx_Projects/CAD/CA3/test1/VendingMachine/VMTB.vhd EN work/VMTB 0 \
      CP VM
